// Jest Snapshot v1, https://goo.gl/fbAQLP

exports[`AssertionHeader shallow renders the correct HTML structure 1`] = `
<CardHeader
  className="cardHeader_1ggz856-o_O-cardHeaderColorPassed_1nxwz58"
  onClick={[MockFunction]}
  tag="div"
>
  <span>
    <strong />
  </span>
  <span>
    (
    Equal
    )
  </span>
  <span
    className="cardHeaderAlignRight_107ja4p"
  />
</CardHeader>
`;
