// Jest Snapshot v1, https://goo.gl/fbAQLP

exports[`DictLogAssertion shallow renders the correct HTML structure 1`] = `
<TableBaseAssertion
  columns={
    Array [
      Object {
        "cellStyle": [Function],
        "field": "id",
        "headerStyle": Object {
          "border": "1px solid",
          "borderColor": "#d9dcde",
          "width": "72px",
        },
        "title": "ID",
      },
      Object {
        "cellStyle": [Function],
        "field": "value",
        "headerStyle": Object {
          "border": "1px solid",
          "borderColor": "#d9dcde",
        },
        "title": "symbol",
      },
    ]
  }
  preText={
    <React.Fragment>
      Values: [
      "AAPL"
      , 
      "AMZN"
      ]
    </React.Fragment>
  }
  rows={
    Array [
      Object {
        "expected": Array [
          "AAPL",
          "AMZN",
        ],
        "id": 0,
        "passed": true,
        "value": "AAPL",
      },
      Object {
        "expected": Array [
          "AAPL",
          "AMZN",
        ],
        "id": 1,
        "passed": false,
        "value": "GOOG",
      },
      Object {
        "expected": Array [
          "AAPL",
          "AMZN",
        ],
        "id": 2,
        "passed": false,
        "value": "FB",
      },
      Object {
        "expected": Array [
          "AAPL",
          "AMZN",
        ],
        "id": 3,
        "passed": true,
        "value": "AMZN",
      },
      Object {
        "expected": Array [
          "AAPL",
          "AMZN",
        ],
        "id": 4,
        "passed": false,
        "value": "MSFT",
      },
    ]
  }
/>
`;
