// Jest Snapshot v1, https://goo.gl/fbAQLP

exports[`FixMatchAssertion shallow renders the correct HTML structure 1`] = `
<TableBaseAssertion
  columns={
    Array [
      Object {
        "cellStyle": Object {
          "border": "1px solid",
          "borderColor": "#d9dcde",
          "fontSize": "small",
          "padding": "6px 11px 6px 11px",
          "width": "72px",
        },
        "field": "id",
        "headerStyle": Object {
          "border": "1px solid",
          "borderColor": "#d9dcde",
          "width": "72px",
        },
        "title": "ID",
      },
      Object {
        "cellStyle": Object {
          "border": "1px solid",
          "borderColor": "#d9dcde",
          "fontSize": "small",
          "padding": "6px 11px 6px 11px",
        },
        "field": "age",
        "headerStyle": Object {
          "border": "1px solid",
          "borderColor": "#d9dcde",
        },
        "title": "age",
      },
      Object {
        "cellStyle": Object {
          "border": "1px solid",
          "borderColor": "#d9dcde",
          "fontSize": "small",
          "padding": "6px 11px 6px 11px",
        },
        "field": "name",
        "headerStyle": Object {
          "border": "1px solid",
          "borderColor": "#d9dcde",
        },
        "title": "name",
      },
    ]
  }
  rows={
    Array [
      Object {
        "age": 32,
        "id": 0,
        "name": "Bob",
      },
      Object {
        "age": 24,
        "id": 1,
        "name": "Susan",
      },
      Object {
        "age": 67,
        "id": 2,
        "name": "Rick",
      },
    ]
  }
/>
`;
