// Jest Snapshot v1, https://goo.gl/fbAQLP

exports[`MarkdownAssertion shallow renders the correct HTML structure 1`] = `
<ReactMarkdown
  astPlugins={Array []}
  escapeHtml={true}
  parserOptions={Object {}}
  plugins={Array []}
  rawSourcePos={false}
  renderers={
    Object {
      "code": [Function],
    }
  }
  skipHtml={false}
  source="Markdown Test [Github](https://github.com/Morgan-Stanley/testplan)
 Test"
  sourcePos={false}
  transformLinkUri={[Function]}
/>
`;
