// Jest Snapshot v1, https://goo.gl/fbAQLP

exports[`navUtils CreateNavButtons returns an array of nav buttons 1`] = `
Array [
  <ListGroupItem
    className="navButton_1x055n9-o_O-navButtonInteract_1ofjo98-o_O-unselectable_16maxrd"
    onClick={[Function]}
    tabIndex="1"
    tag="li"
  />,
  <ListGroupItem
    className="navButton_1x055n9-o_O-navButtonInteract_1ofjo98-o_O-unselectable_16maxrd"
    onClick={[Function]}
    tabIndex="2"
    tag="li"
  />,
]
`;
